Archive member included to satisfy reference by file (symbol)

c:/work/tools/gnu_arm/bin/../lib/gcc/arm-none-eabi/9.3.1/../../../../arm-none-eabi/lib/thumb/v7e-m+fp/hard\libc_nano.a(lib_a-ctype_.o)
                              _build/nrf52840_xxaa/nrf_log_str_formatter.c.o (_ctype_)
c:/work/tools/gnu_arm/bin/../lib/gcc/arm-none-eabi/9.3.1/../../../../arm-none-eabi/lib/thumb/v7e-m+fp/hard\libc_nano.a(lib_a-exit.o)
                              c:/work/tools/gnu_arm/bin/../lib/gcc/arm-none-eabi/9.3.1/../../../../arm-none-eabi/lib/thumb/v7e-m+fp/hard/crt0.o (exit)
c:/work/tools/gnu_arm/bin/../lib/gcc/arm-none-eabi/9.3.1/../../../../arm-none-eabi/lib/thumb/v7e-m+fp/hard\libc_nano.a(lib_a-impure.o)
                              c:/work/tools/gnu_arm/bin/../lib/gcc/arm-none-eabi/9.3.1/../../../../arm-none-eabi/lib/thumb/v7e-m+fp/hard\libc_nano.a(lib_a-exit.o) (_global_impure_ptr)
c:/work/tools/gnu_arm/bin/../lib/gcc/arm-none-eabi/9.3.1/../../../../arm-none-eabi/lib/thumb/v7e-m+fp/hard\libc_nano.a(lib_a-init.o)
                              c:/work/tools/gnu_arm/bin/../lib/gcc/arm-none-eabi/9.3.1/../../../../arm-none-eabi/lib/thumb/v7e-m+fp/hard/crt0.o (__libc_init_array)
c:/work/tools/gnu_arm/bin/../lib/gcc/arm-none-eabi/9.3.1/../../../../arm-none-eabi/lib/thumb/v7e-m+fp/hard\libc_nano.a(lib_a-memcpy-stub.o)
                              _build/nrf52840_xxaa/nrf_log_frontend.c.o (memcpy)
c:/work/tools/gnu_arm/bin/../lib/gcc/arm-none-eabi/9.3.1/../../../../arm-none-eabi/lib/thumb/v7e-m+fp/hard\libc_nano.a(lib_a-memset.o)
                              c:/work/tools/gnu_arm/bin/../lib/gcc/arm-none-eabi/9.3.1/../../../../arm-none-eabi/lib/thumb/v7e-m+fp/hard/crt0.o (memset)
c:/work/tools/gnu_arm/bin/../lib/gcc/arm-none-eabi/9.3.1/../../../../arm-none-eabi/lib/thumb/v7e-m+fp/hard\libc_nano.a(lib_a-strlen.o)
                              _build/nrf52840_xxaa/nrf_log_frontend.c.o (strlen)
c:/work/tools/gnu_arm/bin/../lib/gcc/arm-none-eabi/9.3.1/../../../../arm-none-eabi/lib/thumb/v7e-m+fp/hard\libnosys.a(_exit.o)
                              c:/work/tools/gnu_arm/bin/../lib/gcc/arm-none-eabi/9.3.1/../../../../arm-none-eabi/lib/thumb/v7e-m+fp/hard\libc_nano.a(lib_a-exit.o) (_exit)

Allocating common symbols
Common symbol       size              file

nrf_drv_uart_use_easy_dma
                    0x2               _build/nrf52840_xxaa/nrf_drv_uart.c.o

Discarded input sections

 .text          0x00000000        0x0 c:/work/tools/gnu_arm/bin/../lib/gcc/arm-none-eabi/9.3.1/thumb/v7e-m+fp/hard/crti.o
 .data          0x00000000        0x0 c:/work/tools/gnu_arm/bin/../lib/gcc/arm-none-eabi/9.3.1/thumb/v7e-m+fp/hard/crti.o
 .bss           0x00000000        0x0 c:/work/tools/gnu_arm/bin/../lib/gcc/arm-none-eabi/9.3.1/thumb/v7e-m+fp/hard/crti.o
 .data          0x00000000        0x4 c:/work/tools/gnu_arm/bin/../lib/gcc/arm-none-eabi/9.3.1/thumb/v7e-m+fp/hard/crtbegin.o
 .data          0x00000000        0x0 c:/work/tools/gnu_arm/bin/../lib/gcc/arm-none-eabi/9.3.1/../../../../arm-none-eabi/lib/thumb/v7e-m+fp/hard/crt0.o
 .bss           0x00000000        0x0 c:/work/tools/gnu_arm/bin/../lib/gcc/arm-none-eabi/9.3.1/../../../../arm-none-eabi/lib/thumb/v7e-m+fp/hard/crt0.o
 .ARM.extab     0x00000000        0x0 c:/work/tools/gnu_arm/bin/../lib/gcc/arm-none-eabi/9.3.1/../../../../arm-none-eabi/lib/thumb/v7e-m+fp/hard/crt0.o
 .data          0x00000000        0x0 _build/nrf52840_xxaa/gcc_startup_nrf52840.S.o
 .bss           0x00000000        0x0 _build/nrf52840_xxaa/gcc_startup_nrf52840.S.o
 .group         0x00000000        0xc _build/nrf52840_xxaa/nrf_log_backend_rtt.c.o
 .group         0x00000000        0xc _build/nrf52840_xxaa/nrf_log_backend_rtt.c.o
 .group         0x00000000        0xc _build/nrf52840_xxaa/nrf_log_backend_rtt.c.o
 .group         0x00000000        0xc _build/nrf52840_xxaa/nrf_log_backend_rtt.c.o
 .group         0x00000000        0xc _build/nrf52840_xxaa/nrf_log_backend_rtt.c.o
 .group         0x00000000        0xc _build/nrf52840_xxaa/nrf_log_backend_rtt.c.o
 .group         0x00000000        0xc _build/nrf52840_xxaa/nrf_log_backend_rtt.c.o
 .group         0x00000000        0xc _build/nrf52840_xxaa/nrf_log_backend_rtt.c.o
 .group         0x00000000        0xc _build/nrf52840_xxaa/nrf_log_backend_rtt.c.o
 .group         0x00000000        0xc _build/nrf52840_xxaa/nrf_log_backend_rtt.c.o
 .group         0x00000000        0xc _build/nrf52840_xxaa/nrf_log_backend_rtt.c.o
 .group         0x00000000        0xc _build/nrf52840_xxaa/nrf_log_backend_rtt.c.o
 .group         0x00000000        0xc _build/nrf52840_xxaa/nrf_log_backend_rtt.c.o
 .group         0x00000000        0xc _build/nrf52840_xxaa/nrf_log_backend_rtt.c.o
 .group         0x00000000        0xc _build/nrf52840_xxaa/nrf_log_backend_rtt.c.o
 .group         0x00000000        0xc _build/nrf52840_xxaa/nrf_log_backend_rtt.c.o
 .group         0x00000000        0xc _build/nrf52840_xxaa/nrf_log_backend_rtt.c.o
[...]
Memory Configuration

Name             Origin             Length             Attributes
FLASH            0x00000000         0x00100000         xr
RAM              0x20000000         0x00040000         xrw
*default*        0x00000000         0xffffffff

Linker script and memory map


.text           0x00000000     0x3690
 *(.isr_vector)
 .isr_vector    0x00000000      0x200 _build/nrf52840_xxaa/gcc_startup_nrf52840.S.o
                0x00000000                __isr_vector
 *(.text*)
 .text          0x00000200       0x40 c:/work/tools/gnu_arm/bin/../lib/gcc/arm-none-eabi/9.3.1/thumb/v7e-m+fp/hard/crtbegin.o
 .text          0x00000240       0x7c c:/work/tools/gnu_arm/bin/../lib/gcc/arm-none-eabi/9.3.1/../../../../arm-none-eabi/lib/thumb/v7e-m+fp/hard/crt0.o
                0x00000240                _stack_init
                0x00000248                _start
                0x00000248                _mainCRTStartup
 .text          0x000002bc       0x3c _build/nrf52840_xxaa/gcc_startup_nrf52840.S.o
                0x000002bc                Reset_Handler
                0x000002e4                NMI_Handler
                0x000002e6                HardFault_Handler
                0x000002e8                MemoryManagement_Handler
                0x000002ea                BusFault_Handler
                0x000002ec                UsageFault_Handler
                0x000002ee                SVC_Handler
                0x000002f0                DebugMon_Handler
                0x000002f2                PendSV_Handler
                0x000002f4                SysTick_Handler
                0x000002f6                SWI0_EGU0_IRQHandler
                0x000002f6                POWER_CLOCK_IRQHandler
                0x000002f6                RADIO_IRQHandler
                0x000002f6                PDM_IRQHandler
                0x000002f6                PWM1_IRQHandler
                0x000002f6                QDEC_IRQHandler
                0x000002f6                TIMER3_IRQHandler
                0x000002f6                PWM3_IRQHandler
                0x000002f6                FPU_IRQHandler
                0x000002f6                USBD_IRQHandler
                0x000002f6                SPIM0_SPIS0_TWIM0_TWIS0_SPI0_TWI0_IRQHandler
                0x000002f6                TEMP_IRQHandler
                0x000002f6                TIMER4_IRQHandler
                0x000002f6                RTC0_IRQHandler
                0x000002f6                I2S_IRQHandler
                0x000002f6                SWI4_EGU4_IRQHandler
                0x000002f6                SWI2_EGU2_IRQHandler
                0x000002f6                UARTE1_IRQHandler
                0x000002f6                TIMER1_IRQHandler
                0x000002f6                SPIM3_IRQHandler
                0x000002f6                PWM2_IRQHandler
                0x000002f6                ECB_IRQHandler
                0x000002f6                SPIM1_SPIS1_TWIM1_TWIS1_SPI1_TWI1_IRQHandler
                0x000002f6                Default_Handler
                0x000002f6                CCM_AAR_IRQHandler
                0x000002f6                WDT_IRQHandler
                0x000002f6                GPIOTE_IRQHandler
                0x000002f6                SWI5_EGU5_IRQHandler
                0x000002f6                RNG_IRQHandler
                0x000002f6                RTC2_IRQHandler
                0x000002f6                PWM0_IRQHandler
                0x000002f6                SWI3_EGU3_IRQHandler
                0x000002f6                RTC1_IRQHandler
                0x000002f6                SWI1_EGU1_IRQHandler
                0x000002f6                SPIM2_SPIS2_SPI2_IRQHandler
                0x000002f6                NFCT_IRQHandler
                0x000002f6                CRYPTOCELL_IRQHandler
                0x000002f6                MWU_IRQHandler
                0x000002f6                TIMER2_IRQHandler
                0x000002f6                QSPI_IRQHandler
                0x000002f6                COMP_LPCOMP_IRQHandler
 .text.nrf_log_backend_serial_put
                0x000002f8       0xd8 _build/nrf52840_xxaa/nrf_log_backend_serial.c.o
                0x000002f8                nrf_log_backend_serial_put
 .text.uart_evt_handler
                0x000003d0        0xc _build/nrf52840_xxaa/nrf_log_backend_uart.c.o
 .text.nrf_log_backend_uart_flush
                0x000003dc        0x4 _build/nrf52840_xxaa/nrf_log_backend_uart.c.o
 .text.nrf_log_backend_uart_put
                0x000003e0       0x20 _build/nrf52840_xxaa/nrf_log_backend_uart.c.o
 .text.serial_tx
                0x00000400       0x4c _build/nrf52840_xxaa/nrf_log_backend_uart.c.o
 .text.nrf_log_backend_uart_panic_set
                0x0000044c       0x7c _build/nrf52840_xxaa/nrf_log_backend_uart.c.o
 .text.nrf_log_backend_uart_init
                0x000004c8       0x68 _build/nrf52840_xxaa/nrf_log_backend_uart.c.o
                0x000004c8                nrf_log_backend_uart_init
 .text.nrf_log_default_backends_init
                0x00000530       0x20 _build/nrf52840_xxaa/nrf_log_default_backends.c.o
                0x00000530                nrf_log_default_backends_init
 .text.nrf_log_init
                0x00000550       0x28 _build/nrf52840_xxaa/nrf_log_frontend.c.o
                0x00000550                nrf_log_init
 .text.nrf_log_module_name_get
                0x00000578       0x48 _build/nrf52840_xxaa/nrf_log_frontend.c.o
                0x00000578                nrf_log_module_name_get
 .text.nrf_log_color_id_get
                0x000005c0       0x2c _build/nrf52840_xxaa/nrf_log_frontend.c.o
                0x000005c0                nrf_log_color_id_get
 .text.nrf_log_frontend_dequeue
                0x000005ec      0x244 _build/nrf52840_xxaa/nrf_log_frontend.c.o
                0x000005ec                nrf_log_frontend_dequeue
 .text.nrf_log_frontend_std_0
                0x00000830      0x180 _build/nrf52840_xxaa/nrf_log_frontend.c.o
                0x00000830                nrf_log_frontend_std_0
 .text.nrf_log_frontend_std_1
                0x000009b0      0x190 _build/nrf52840_xxaa/nrf_log_frontend.c.o
                0x000009b0                nrf_log_frontend_std_1
 .text.nrf_log_backend_add
                0x00000b40       0x5c _build/nrf52840_xxaa/nrf_log_frontend.c.o
                0x00000b40                nrf_log_backend_add
 .text.nrf_log_panic
                0x00000b9c       0x28 _build/nrf52840_xxaa/nrf_log_frontend.c.o
                0x00000b9c                nrf_log_panic
 .text.prefix_process
                0x00000bc4       0x80 _build/nrf52840_xxaa/nrf_log_str_formatter.c.o
 .text.nrf_log_std_entry_process
                0x00000c44       0xf0 _build/nrf52840_xxaa/nrf_log_str_formatter.c.o
                0x00000c44                nrf_log_std_entry_process
 .text.nrf_log_hexdump_entry_process
                0x00000d34       0xfc _build/nrf52840_xxaa/nrf_log_str_formatter.c.o
                0x00000d34                nrf_log_hexdump_entry_process
 .text.app_error_handler_bare
                0x00000e30       0x20 _build/nrf52840_xxaa/app_error.c.o
                0x00000e30                app_error_handler_bare
 .text.app_error_fault_handler
                0x00000e50       0x70 _build/nrf52840_xxaa/app_error_weak.c.o
                0x00000e50                app_error_fault_handler
 .text.app_util_critical_region_enter
                0x00000ec0       0x10 _build/nrf52840_xxaa/app_util_platform.c.o
                0x00000ec0                app_util_critical_region_enter
 .text.app_util_critical_region_exit
                0x00000ed0       0x14 _build/nrf52840_xxaa/app_util_platform.c.o
                0x00000ed0                app_util_critical_region_exit
 .text.nrf_atomic_u32_fetch_store
                0x00000ee4       0x1c _build/nrf52840_xxaa/nrf_atomic.c.o
                0x00000ee4                nrf_atomic_u32_fetch_store
 .text.nrf_atomic_u32_add
                0x00000f00       0x1c _build/nrf52840_xxaa/nrf_atomic.c.o
                0x00000f00                nrf_atomic_u32_add
 .text.nrf_atomic_u32_sub
                0x00000f1c       0x1c _build/nrf52840_xxaa/nrf_atomic.c.o
                0x00000f1c                nrf_atomic_u32_sub
 .text.nrf_atomic_flag_set
                0x00000f38       0x20 _build/nrf52840_xxaa/nrf_atomic.c.o
                0x00000f38                nrf_atomic_flag_set
 .text.nrf_atomic_flag_clear_fetch
                0x00000f58       0x20 _build/nrf52840_xxaa/nrf_atomic.c.o
                0x00000f58                nrf_atomic_flag_clear_fetch
 .text.nrf_balloc_init
                0x00000f78       0x38 _build/nrf52840_xxaa/nrf_balloc.c.o
                0x00000f78                nrf_balloc_init
 .text.nrf_balloc_alloc
                0x00000fb0       0x4c _build/nrf52840_xxaa/nrf_balloc.c.o
                0x00000fb0                nrf_balloc_alloc
 .text.nrf_balloc_free
                0x00000ffc       0x2c _build/nrf52840_xxaa/nrf_balloc.c.o
                0x00000ffc                nrf_balloc_free
 .text.nrf_fprintf_buffer_flush
                0x00001028       0x18 _build/nrf52840_xxaa/nrf_fprintf.c.o
                0x00001028                nrf_fprintf_buffer_flush
 .text.nrf_fprintf
                0x00001040       0x20 _build/nrf52840_xxaa/nrf_fprintf.c.o
                0x00001040                nrf_fprintf
 .text.unsigned_print
                0x00001060      0x14c _build/nrf52840_xxaa/nrf_fprintf_format.c.o
 .text.nrf_fprintf_fmt
                0x000011ac      0x5cc _build/nrf52840_xxaa/nrf_fprintf_format.c.o
                0x000011ac                nrf_fprintf_fmt
 .text.nrf_memobj_pool_init
                0x00001778        0x4 _build/nrf52840_xxaa/nrf_memobj.c.o
                0x00001778                nrf_memobj_pool_init
 .text.nrf_memobj_alloc
                0x0000177c       0x94 _build/nrf52840_xxaa/nrf_memobj.c.o
                0x0000177c                nrf_memobj_alloc
 .text.nrf_memobj_get
                0x00001810        0x8 _build/nrf52840_xxaa/nrf_memobj.c.o
                0x00001810                nrf_memobj_get
 .text.nrf_memobj_put
                0x00001818       0x58 _build/nrf52840_xxaa/nrf_memobj.c.o
                0x00001818                nrf_memobj_put
 .text.nrf_memobj_write
                0x00001870       0x68 _build/nrf52840_xxaa/nrf_memobj.c.o
                0x00001870                nrf_memobj_write
 .text.nrf_memobj_read
                0x000018d8       0x68 _build/nrf52840_xxaa/nrf_memobj.c.o
                0x000018d8                nrf_memobj_read
 .text.nrf_pwr_mgmt_init
                0x00001940       0x2c _build/nrf52840_xxaa/nrf_pwr_mgmt.c.o
                0x00001940                nrf_pwr_mgmt_init
 .text.nrf_pwr_mgmt_run
                0x0000196c       0x34 _build/nrf52840_xxaa/nrf_pwr_mgmt.c.o
                0x0000196c                nrf_pwr_mgmt_run
 .text.nrf_ringbuf_init
                0x000019a0       0x1c _build/nrf52840_xxaa/nrf_ringbuf.c.o
                0x000019a0                nrf_ringbuf_init
 .text.nrf_section_iter_init
                0x000019bc       0x14 _build/nrf52840_xxaa/nrf_section_iter.c.o
                0x000019bc                nrf_section_iter_init
 .text.uarte_evt_handler
                0x000019d0       0x34 _build/nrf52840_xxaa/nrf_drv_uart.c.o
 .text.uart_evt_handler
                0x00001a04       0x34 _build/nrf52840_xxaa/nrf_drv_uart.c.o
 .text.nrf_drv_uart_init
                0x00001a38       0x88 _build/nrf52840_xxaa/nrf_drv_uart.c.o
                0x00001a38                nrf_drv_uart_init
 .text.nrf_drv_ppi_init
                0x00001ac0       0x14 _build/nrf52840_xxaa/nrf_drv_ppi.c.o
                0x00001ac0                nrf_drv_ppi_init
 .text.nrfx_ppi_channel_alloc
                0x00001ad4       0x68 _build/nrf52840_xxaa/nrfx_ppi.c.o
                0x00001ad4                nrfx_ppi_channel_alloc
 .text.nrfx_ppi_channel_assign
                0x00001b3c       0x4c _build/nrf52840_xxaa/nrfx_ppi.c.o
                0x00001b3c                nrfx_ppi_channel_assign
 .text.nrfx_ppi_channel_enable
                0x00001b88       0x2c _build/nrf52840_xxaa/nrfx_ppi.c.o
                0x00001b88                nrfx_ppi_channel_enable
 .text.UARTE0_UART0_IRQHandler
                0x00001bb4        0xc _build/nrf52840_xxaa/nrfx_prs.c.o
                0x00001bb4                UARTE0_UART0_IRQHandler
 .text.nrfx_prs_acquire
                0x00001bc0       0x3c _build/nrf52840_xxaa/nrfx_prs.c.o
                0x00001bc0                nrfx_prs_acquire
 .text.nrfx_prs_release
                0x00001bfc       0x18 _build/nrf52840_xxaa/nrfx_prs.c.o
                0x00001bfc                nrfx_prs_release
 .text.SAADC_IRQHandler
                0x00001c14      0x1b4 _build/nrf52840_xxaa/nrfx_saadc.c.o
                0x00001c14                SAADC_IRQHandler
 .text.nrfx_saadc_init
                0x00001dc8       0xa8 _build/nrf52840_xxaa/nrfx_saadc.c.o
                0x00001dc8                nrfx_saadc_init
 .text.nrfx_saadc_channel_init
                0x00001e70       0x9c _build/nrf52840_xxaa/nrfx_saadc.c.o
                0x00001e70                nrfx_saadc_channel_init
 .text.nrfx_saadc_sample_task_get
                0x00001f0c       0x20 _build/nrf52840_xxaa/nrfx_saadc.c.o
                0x00001f0c                nrfx_saadc_sample_task_get
 .text.nrfx_saadc_buffer_convert
                0x00001f2c       0xc4 _build/nrf52840_xxaa/nrfx_saadc.c.o
                0x00001f2c                nrfx_saadc_buffer_convert
 .text.nrfx_timer_init
                0x00001ff0       0xfc _build/nrf52840_xxaa/nrfx_timer.c.o
                0x00001ff0                nrfx_timer_init
 .text.nrfx_timer_enable
                0x000020ec       0x1c _build/nrf52840_xxaa/nrfx_timer.c.o
                0x000020ec                nrfx_timer_enable
 .text.nrfx_timer_extended_compare
                0x00002108       0x60 _build/nrf52840_xxaa/nrfx_timer.c.o
                0x00002108                nrfx_timer_extended_compare
 .text.TIMER0_IRQHandler
                0x00002168       0x58 _build/nrf52840_xxaa/nrfx_timer.c.o
                0x00002168                TIMER0_IRQHandler
 .text.nrfx_uart_0_irq_handler
                0x000021c0      0x1c4 _build/nrf52840_xxaa/nrfx_uart.c.o
                0x000021c0                nrfx_uart_0_irq_handler
 .text.nrfx_uart_init
                0x00002384      0x1f0 _build/nrf52840_xxaa/nrfx_uart.c.o
                0x00002384                nrfx_uart_init
 .text.nrfx_uart_uninit
                0x00002574      0x10c _build/nrf52840_xxaa/nrfx_uart.c.o
                0x00002574                nrfx_uart_uninit
 .text.nrfx_uart_tx
                0x00002680       0xd0 _build/nrf52840_xxaa/nrfx_uart.c.o
                0x00002680                nrfx_uart_tx
 .text.nrfx_uarte_0_irq_handler
                0x00002750      0x168 _build/nrf52840_xxaa/nrfx_uarte.c.o
                0x00002750                nrfx_uarte_0_irq_handler
 .text.nrfx_uarte_init
                0x000028b8      0x228 _build/nrf52840_xxaa/nrfx_uarte.c.o
                0x000028b8                nrfx_uarte_init
 .text.nrfx_uarte_uninit
                0x00002ae0      0x170 _build/nrf52840_xxaa/nrfx_uarte.c.o
                0x00002ae0                nrfx_uarte_uninit
 .text.nrfx_uarte_tx
                0x00002c50       0xb4 _build/nrf52840_xxaa/nrfx_uarte.c.o
                0x00002c50                nrfx_uarte_tx
 .text.timer_handler
                0x00002d04        0x4 _build/nrf52840_xxaa/main.c.o
                0x00002d04                timer_handler
 .text.saadc_callback
                0x00002d08       0x9c _build/nrf52840_xxaa/main.c.o
                0x00002d08                saadc_callback
 .text.saadc_sampling_event_init
                0x00002da4       0x9c _build/nrf52840_xxaa/main.c.o
                0x00002da4                saadc_sampling_event_init
 .text.saadc_sampling_event_enable
                0x00002e40       0x1c _build/nrf52840_xxaa/main.c.o
                0x00002e40                saadc_sampling_event_enable
 .text.saadc_init
                0x00002e5c      0x100 _build/nrf52840_xxaa/main.c.o
                0x00002e5c                saadc_init
 .text.startup.main
                0x00002f5c       0x5c _build/nrf52840_xxaa/main.c.o
                0x00002f5c                main
 .text.SystemInit
                0x00002fb8      0x2a8 _build/nrf52840_xxaa/system_nrf52840.c.o
                0x00002fb8                SystemInit
 .text.exit     0x00003260       0x28 c:/work/tools/gnu_arm/bin/../lib/gcc/arm-none-eabi/9.3.1/../../../../arm-none-eabi/lib/thumb/v7e-m+fp/hard\libc_nano.a(lib_a-exit.o)
                0x00003260                exit
 .text.__libc_init_array
                0x00003288       0x48 c:/work/tools/gnu_arm/bin/../lib/gcc/arm-none-eabi/9.3.1/../../../../arm-none-eabi/lib/thumb/v7e-m+fp/hard\libc_nano.a(lib_a-init.o)
                0x00003288                __libc_init_array
 .text.memcpy   0x000032d0       0x1c c:/work/tools/gnu_arm/bin/../lib/gcc/arm-none-eabi/9.3.1/../../../../arm-none-eabi/lib/thumb/v7e-m+fp/hard\libc_nano.a(lib_a-memcpy-stub.o)
                0x000032d0                memcpy
 .text.memset   0x000032ec       0x10 c:/work/tools/gnu_arm/bin/../lib/gcc/arm-none-eabi/9.3.1/../../../../arm-none-eabi/lib/thumb/v7e-m+fp/hard\libc_nano.a(lib_a-memset.o)
                0x000032ec                memset
 .text          0x000032fc       0x10 c:/work/tools/gnu_arm/bin/../lib/gcc/arm-none-eabi/9.3.1/../../../../arm-none-eabi/lib/thumb/v7e-m+fp/hard\libc_nano.a(lib_a-strlen.o)
                0x000032fc                strlen
 .text._exit    0x0000330c        0x4 c:/work/tools/gnu_arm/bin/../lib/gcc/arm-none-eabi/9.3.1/../../../../arm-none-eabi/lib/thumb/v7e-m+fp/hard\libnosys.a(_exit.o)
                0x0000330c                _exit
 *(.init)
 .init          0x00003310        0x4 c:/work/tools/gnu_arm/bin/../lib/gcc/arm-none-eabi/9.3.1/thumb/v7e-m+fp/hard/crti.o
                0x00003310                _init
 .init          0x00003314        0x8 c:/work/tools/gnu_arm/bin/../lib/gcc/arm-none-eabi/9.3.1/thumb/v7e-m+fp/hard/crtn.o
 *(.fini)
 .fini          0x0000331c        0x4 c:/work/tools/gnu_arm/bin/../lib/gcc/arm-none-eabi/9.3.1/thumb/v7e-m+fp/hard/crti.o
                0x0000331c                _fini
 .fini          0x00003320        0x8 c:/work/tools/gnu_arm/bin/../lib/gcc/arm-none-eabi/9.3.1/thumb/v7e-m+fp/hard/crtn.o
 *crtbegin.o(.ctors)
 *crtbegin?.o(.ctors)
 *(EXCLUDE_FILE(*crtend.o *crtend?.o) .ctors)
 *(SORT_BY_NAME(.ctors.*))
 *(.ctors)
 *crtbegin.o(.dtors)
 *crtbegin?.o(.dtors)
 *(EXCLUDE_FILE(*crtend.o *crtend?.o) .dtors)
 *(SORT_BY_NAME(.dtors.*))
 *(.dtors)
 *(.rodata*)
 .rodata        0x00003328       0x20 _build/nrf52840_xxaa/nrf_log_backend_uart.c.o
 .rodata.nrf_log_backend_uart_api
                0x00003348        0xc _build/nrf52840_xxaa/nrf_log_backend_uart.c.o
                0x00003348                nrf_log_backend_uart_api
 .rodata.str1.4
                0x00003354       0x11 _build/nrf52840_xxaa/nrf_log_default_backends.c.o
 *fill*         0x00003365        0x3 
 .rodata.nrf_log_frontend_dequeue.str1.4
                0x00003368       0x11 _build/nrf52840_xxaa/nrf_log_frontend.c.o
 *fill*         0x00003379        0x3 
 .rodata.str1.4
                0x0000337c        0x4 _build/nrf52840_xxaa/nrf_log_frontend.c.o
 .rodata.m_log_push_ringbuf
                0x00003380        0xc _build/nrf52840_xxaa/nrf_log_frontend.c.o
 .rodata.prefix_process.str1.4
                0x0000338c       0x36 _build/nrf52840_xxaa/nrf_log_str_formatter.c.o
 *fill*         0x000033c2        0x2 
 .rodata.nrf_log_std_entry_process.str1.4
                0x000033c4        0x3 _build/nrf52840_xxaa/nrf_log_str_formatter.c.o
 *fill*         0x000033c7        0x1 
 .rodata.nrf_log_hexdump_entry_process.str1.4
                0x000033c8       0x13 _build/nrf52840_xxaa/nrf_log_str_formatter.c.o
                                 0x16 (size before relaxing)
 *fill*         0x000033db        0x1 
 .rodata.str1.4
                0x000033dc       0x56 _build/nrf52840_xxaa/nrf_log_str_formatter.c.o
 *fill*         0x00003432        0x2 
 .rodata.m_colors
                0x00003434       0x24 _build/nrf52840_xxaa/nrf_log_str_formatter.c.o
 .rodata.severity_names
                0x00003458       0x14 _build/nrf52840_xxaa/nrf_log_str_formatter.c.o
 .rodata.app_error_fault_handler.str1.4
                0x0000346c       0x19 _build/nrf52840_xxaa/app_error_weak.c.o
 *fill*         0x00003485        0x3 
 .rodata._aV2C.7857
                0x00003488       0x10 _build/nrf52840_xxaa/nrf_fprintf_format.c.o
 .rodata.str1.4
                0x00003498        0x9 _build/nrf52840_xxaa/nrf_pwr_mgmt.c.o
 *fill*         0x000034a1        0x3 
 .rodata.pwr_mgmt_data
                0x000034a4        0xc _build/nrf52840_xxaa/nrf_pwr_mgmt.c.o
 .rodata.str1.4
                0x000034b0        0x4 _build/nrf52840_xxaa/nrfx_ppi.c.o
 .rodata.str1.4
                0x000034b4        0x4 _build/nrf52840_xxaa/nrfx_prs.c.o
 .rodata.str1.4
                0x000034b8        0x6 _build/nrf52840_xxaa/nrfx_saadc.c.o
 *fill*         0x000034be        0x2 
 .rodata.str1.4
                0x000034c0        0x6 _build/nrf52840_xxaa/nrfx_timer.c.o
 *fill*         0x000034c6        0x2 
 .rodata.str1.4
                0x000034c8        0x5 _build/nrf52840_xxaa/nrfx_uart.c.o
 *fill*         0x000034cd        0x3 
 .rodata.str1.4
                0x000034d0        0x6 _build/nrf52840_xxaa/nrfx_uarte.c.o
 *fill*         0x000034d6        0x2 
 .rodata.saadc_callback.str1.4
                0x000034d8       0x46 _build/nrf52840_xxaa/main.c.o
 *fill*         0x0000351e        0x2 
 .rodata.main.str1.4
                0x00003520       0x22 _build/nrf52840_xxaa/main.c.o
 *fill*         0x00003542        0x2 
 .rodata        0x00003544       0x2d _build/nrf52840_xxaa/main.c.o
 *fill*         0x00003571        0x3 
 .rodata.default_config.8941
                0x00003574        0x4 _build/nrf52840_xxaa/main.c.o
 .rodata.m_timer
                0x00003578        0x8 _build/nrf52840_xxaa/main.c.o
 .rodata.CSWTCH.6
                0x00003580        0x4 _build/nrf52840_xxaa/system_nrf52840.c.o
 .rodata._ctype_
                0x00003584      0x101 c:/work/tools/gnu_arm/bin/../lib/gcc/arm-none-eabi/9.3.1/../../../../arm-none-eabi/lib/thumb/v7e-m+fp/hard\libc_nano.a(lib_a-ctype_.o)
                0x00003584                _ctype_
 *fill*         0x00003685        0x3 
 .rodata._global_impure_ptr
                0x00003688        0x4 c:/work/tools/gnu_arm/bin/../lib/gcc/arm-none-eabi/9.3.1/../../../../arm-none-eabi/lib/thumb/v7e-m+fp/hard\libc_nano.a(lib_a-impure.o)
                0x00003688                _global_impure_ptr
 *(.eh_frame*)
 .eh_frame      0x0000368c        0x0 c:/work/tools/gnu_arm/bin/../lib/gcc/arm-none-eabi/9.3.1/thumb/v7e-m+fp/hard/crtbegin.o
 .eh_frame      0x0000368c        0x4 c:/work/tools/gnu_arm/bin/../lib/gcc/arm-none-eabi/9.3.1/thumb/v7e-m+fp/hard/crtend.o

.glue_7         0x00003690        0x0
 .glue_7        0x00003690        0x0 linker stubs

.glue_7t        0x00003690        0x0
 .glue_7t       0x00003690        0x0 linker stubs

.vfp11_veneer   0x00003690        0x0
 .vfp11_veneer  0x00003690        0x0 linker stubs

.v4_bx          0x00003690        0x0
 .v4_bx         0x00003690        0x0 linker stubs

.iplt           0x00003690        0x0
 .iplt          0x00003690        0x0 c:/work/tools/gnu_arm/bin/../lib/gcc/arm-none-eabi/9.3.1/thumb/v7e-m+fp/hard/crtbegin.o

.mem_section_dummy_rom

.pwr_mgmt_data  0x00003690        0x0
                0x00003690                PROVIDE (__start_pwr_mgmt_data = .)
 *(SORT_BY_NAME(.pwr_mgmt_data*))
                0x00003690                PROVIDE (__stop_pwr_mgmt_data = .)

.log_const_data
                0x00003690       0x40
                0x00003690                PROVIDE (__start_log_const_data = .)
 *(SORT_BY_NAME(.log_const_data*))
 .log_const_data_PPI
                0x00003690        0x8 _build/nrf52840_xxaa/nrfx_ppi.c.o
                0x00003690                m_nrf_log_PPI_logs_data_const
 .log_const_data_PRS
                0x00003698        0x8 _build/nrf52840_xxaa/nrfx_prs.c.o
                0x00003698                m_nrf_log_PRS_logs_data_const
 .log_const_data_SAADC
                0x000036a0        0x8 _build/nrf52840_xxaa/nrfx_saadc.c.o
                0x000036a0                m_nrf_log_SAADC_logs_data_const
 .log_const_data_TIMER
                0x000036a8        0x8 _build/nrf52840_xxaa/nrfx_timer.c.o
                0x000036a8                m_nrf_log_TIMER_logs_data_const
 .log_const_data_UART
                0x000036b0        0x8 _build/nrf52840_xxaa/nrfx_uart.c.o
                0x000036b0                m_nrf_log_UART_logs_data_const
 .log_const_data_UARTE
                0x000036b8        0x8 _build/nrf52840_xxaa/nrfx_uarte.c.o
                0x000036b8                m_nrf_log_UARTE_logs_data_const
 .log_const_data_app
                0x000036c0        0x8 _build/nrf52840_xxaa/nrf_log_frontend.c.o
                0x000036c0                m_nrf_log_app_logs_data_const
 .log_const_data_pwr_mgmt
                0x000036c8        0x8 _build/nrf52840_xxaa/nrf_pwr_mgmt.c.o
                0x000036c8                m_nrf_log_pwr_mgmt_logs_data_const
                0x000036d0                PROVIDE (__stop_log_const_data = .)

.log_backends   0x000036d0       0x10
                [!provide]                PROVIDE (__start_log_backends = .)
 *(SORT_BY_NAME(.log_backends*))
 .log_backends  0x000036d0       0x10 _build/nrf52840_xxaa/nrf_log_default_backends.c.o
                [!provide]                PROVIDE (__stop_log_backends = .)

.nrf_balloc     0x000036e0       0x14
                [!provide]                PROVIDE (__start_nrf_balloc = .)
 *(.nrf_balloc)
 .nrf_balloc    0x000036e0       0x14 _build/nrf52840_xxaa/nrf_log_frontend.c.o
                0x000036e0                log_mempool
                [!provide]                PROVIDE (__stop_nrf_balloc = .)

.ARM.extab
 *(.ARM.extab* .gnu.linkonce.armextab.*)
                0x000036f4                __exidx_start = .

.ARM.exidx      0x000036f4        0x8
 *(.ARM.exidx* .gnu.linkonce.armexidx.*)
 .ARM.exidx     0x000036f4        0x8 c:/work/tools/gnu_arm/bin/../lib/gcc/arm-none-eabi/9.3.1/../../../../arm-none-eabi/lib/thumb/v7e-m+fp/hard/crt0.o
                                 0x10 (size before relaxing)
                0x000036fc                __exidx_end = .
                0x000036fc                __etext = .

.rel.dyn        0x000036fc        0x0
 .rel.iplt      0x000036fc        0x0 c:/work/tools/gnu_arm/bin/../lib/gcc/arm-none-eabi/9.3.1/thumb/v7e-m+fp/hard/crtbegin.o

.data           0x20000000       0x88 load address 0x000036fc
                0x20000000                __data_start__ = .
 *(vtable)
 *(.data*)
 .data.m_uart   0x20000000       0x14 _build/nrf52840_xxaa/nrf_log_backend_uart.c.o
                0x20000000                m_uart
 .data.log_backend_cb_uart_log_backend
                0x20000014        0x8 _build/nrf52840_xxaa/nrf_log_default_backends.c.o
 .data.SystemCoreClock
                0x2000001c        0x4 _build/nrf52840_xxaa/system_nrf52840.c.o
                0x2000001c                SystemCoreClock
 .data.impure_data
                0x20000020       0x60 c:/work/tools/gnu_arm/bin/../lib/gcc/arm-none-eabi/9.3.1/../../../../arm-none-eabi/lib/thumb/v7e-m+fp/hard\libc_nano.a(lib_a-impure.o)
                0x20000080                . = ALIGN (0x4)
                0x20000080                PROVIDE (__preinit_array_start = .)
 *(.preinit_array)
                0x20000080                PROVIDE (__preinit_array_end = .)
                0x20000080                . = ALIGN (0x4)
                0x20000080                PROVIDE (__init_array_start = .)
 *(SORT_BY_NAME(.init_array.*))
 *(.init_array)
 .init_array    0x20000080        0x4 c:/work/tools/gnu_arm/bin/../lib/gcc/arm-none-eabi/9.3.1/thumb/v7e-m+fp/hard/crtbegin.o
                0x20000084                PROVIDE (__init_array_end = .)
                0x20000084                . = ALIGN (0x4)
                [!provide]                PROVIDE (__fini_array_start = .)
 *(SORT_BY_NAME(.fini_array.*))
 *(.fini_array)
 .fini_array    0x20000084        0x4 c:/work/tools/gnu_arm/bin/../lib/gcc/arm-none-eabi/9.3.1/thumb/v7e-m+fp/hard/crtbegin.o
                [!provide]                PROVIDE (__fini_array_end = .)
 *(.jcr*)
                0x20000088                . = ALIGN (0x4)
                0x20000088                __data_end__ = .
LOAD c:/work/tools/gnu_arm/bin/../lib/gcc/arm-none-eabi/9.3.1/thumb/v7e-m+fp/hard/crti.o
LOAD c:/work/tools/gnu_arm/bin/../lib/gcc/arm-none-eabi/9.3.1/thumb/v7e-m+fp/hard/crtbegin.o
LOAD c:/work/tools/gnu_arm/bin/../lib/gcc/arm-none-eabi/9.3.1/../../../../arm-none-eabi/lib/thumb/v7e-m+fp/hard/crt0.o
LOAD _build/nrf52840_xxaa/gcc_startup_nrf52840.S.o
LOAD _build/nrf52840_xxaa/nrf_log_backend_rtt.c.o
LOAD _build/nrf52840_xxaa/nrf_log_backend_serial.c.o
LOAD _build/nrf52840_xxaa/nrf_log_backend_uart.c.o
LOAD _build/nrf52840_xxaa/nrf_log_default_backends.c.o
LOAD _build/nrf52840_xxaa/nrf_log_frontend.c.o
LOAD _build/nrf52840_xxaa/nrf_log_str_formatter.c.o
LOAD _build/nrf52840_xxaa/boards.c.o
LOAD _build/nrf52840_xxaa/app_error.c.o
LOAD _build/nrf52840_xxaa/app_error_handler_gcc.c.o
LOAD _build/nrf52840_xxaa/app_error_weak.c.o
LOAD _build/nrf52840_xxaa/app_fifo.c.o
LOAD _build/nrf52840_xxaa/app_uart_fifo.c.o
LOAD _build/nrf52840_xxaa/app_util_platform.c.o
LOAD _build/nrf52840_xxaa/nrf_assert.c.o
LOAD _build/nrf52840_xxaa/nrf_atomic.c.o
LOAD _build/nrf52840_xxaa/nrf_balloc.c.o
LOAD _build/nrf52840_xxaa/nrf_fprintf.c.o
LOAD _build/nrf52840_xxaa/nrf_fprintf_format.c.o
LOAD _build/nrf52840_xxaa/nrf_memobj.c.o
LOAD _build/nrf52840_xxaa/nrf_pwr_mgmt.c.o
LOAD _build/nrf52840_xxaa/nrf_ringbuf.c.o
LOAD _build/nrf52840_xxaa/nrf_section_iter.c.o
LOAD _build/nrf52840_xxaa/nrf_strerror.c.o
LOAD _build/nrf52840_xxaa/retarget.c.o
LOAD _build/nrf52840_xxaa/nrf_drv_uart.c.o
LOAD _build/nrf52840_xxaa/nrf_drv_ppi.c.o
LOAD _build/nrf52840_xxaa/nrfx_atomic.c.o
LOAD _build/nrf52840_xxaa/nrfx_ppi.c.o
LOAD _build/nrf52840_xxaa/nrfx_prs.c.o
LOAD _build/nrf52840_xxaa/nrfx_saadc.c.o
LOAD _build/nrf52840_xxaa/nrfx_timer.c.o
LOAD _build/nrf52840_xxaa/nrfx_uart.c.o
LOAD _build/nrf52840_xxaa/nrfx_uarte.c.o
LOAD _build/nrf52840_xxaa/main.c.o
LOAD _build/nrf52840_xxaa/system_nrf52840.c.o
LOAD c:/work/tools/gnu_arm/bin/../lib/gcc/arm-none-eabi/9.3.1/../../../../arm-none-eabi/lib/thumb/v7e-m+fp/hard\libc_nano.a
LOAD c:/work/tools/gnu_arm/bin/../lib/gcc/arm-none-eabi/9.3.1/../../../../arm-none-eabi/lib/thumb/v7e-m+fp/hard\libnosys.a
LOAD c:/work/tools/gnu_arm/bin/../lib/gcc/arm-none-eabi/9.3.1/../../../../arm-none-eabi/lib/thumb/v7e-m+fp/hard\libm.a
START GROUP
LOAD c:/work/tools/gnu_arm/bin/../lib/gcc/arm-none-eabi/9.3.1/thumb/v7e-m+fp/hard\libgcc.a
LOAD c:/work/tools/gnu_arm/bin/../lib/gcc/arm-none-eabi/9.3.1/../../../../arm-none-eabi/lib/thumb/v7e-m+fp/hard\libg_nano.a
LOAD c:/work/tools/gnu_arm/bin/../lib/gcc/arm-none-eabi/9.3.1/../../../../arm-none-eabi/lib/thumb/v7e-m+fp/hard\libc_nano.a
END GROUP
START GROUP
LOAD c:/work/tools/gnu_arm/bin/../lib/gcc/arm-none-eabi/9.3.1/thumb/v7e-m+fp/hard\libgcc.a
LOAD c:/work/tools/gnu_arm/bin/../lib/gcc/arm-none-eabi/9.3.1/../../../../arm-none-eabi/lib/thumb/v7e-m+fp/hard\libc_nano.a
END GROUP
LOAD c:/work/tools/gnu_arm/bin/../lib/gcc/arm-none-eabi/9.3.1/thumb/v7e-m+fp/hard/crtend.o
LOAD c:/work/tools/gnu_arm/bin/../lib/gcc/arm-none-eabi/9.3.1/thumb/v7e-m+fp/hard/crtn.o
START GROUP
LOAD c:/work/tools/gnu_arm/bin/../lib/gcc/arm-none-eabi/9.3.1/thumb/v7e-m+fp/hard\libgcc.a
LOAD c:/work/tools/gnu_arm/bin/../lib/gcc/arm-none-eabi/9.3.1/../../../../arm-none-eabi/lib/thumb/v7e-m+fp/hard\libc.a
LOAD c:/work/tools/gnu_arm/bin/../lib/gcc/arm-none-eabi/9.3.1/../../../../arm-none-eabi/lib/thumb/v7e-m+fp/hard\libnosys.a
END GROUP

.igot.plt       0x20000088        0x0 load address 0x00003784
 .igot.plt      0x20000088        0x0 c:/work/tools/gnu_arm/bin/../lib/gcc/arm-none-eabi/9.3.1/thumb/v7e-m+fp/hard/crtbegin.o
                0x20000088                . = ALIGN (0x4)

.mem_section_dummy_ram

.log_dynamic_data
                0x20000088        0x0
                0x20000088                PROVIDE (__start_log_dynamic_data = .)
 *(SORT_BY_NAME(.log_dynamic_data*))
                [!provide]                PROVIDE (__stop_log_dynamic_data = .)

.log_filter_data
                0x20000088        0x0
                [!provide]                PROVIDE (__start_log_filter_data = .)
 *(SORT_BY_NAME(.log_filter_data*))
                [!provide]                PROVIDE (__stop_log_filter_data = .)

.bss            0x20000088      0x6d0 load address 0x00003788
                0x20000088                . = ALIGN (0x4)
                0x20000088                __bss_start__ = .
 *(.bss*)
 .bss           0x20000088       0x1c c:/work/tools/gnu_arm/bin/../lib/gcc/arm-none-eabi/9.3.1/thumb/v7e-m+fp/hard/crtbegin.o
 .bss.m_async_mode
                0x200000a4        0x1 _build/nrf52840_xxaa/nrf_log_backend_uart.c.o
 *fill*         0x200000a5        0x3 
 .bss.m_string_buff
                0x200000a8       0x40 _build/nrf52840_xxaa/nrf_log_backend_uart.c.o
 .bss.m_xfer_done
                0x200000e8        0x1 _build/nrf52840_xxaa/nrf_log_backend_uart.c.o
 *fill*         0x200000e9        0x3 
 .bss.log_mempool_nrf_balloc_cb
                0x200000ec        0x8 _build/nrf52840_xxaa/nrf_log_frontend.c.o
 .bss.log_mempool_nrf_balloc_pool_mem
                0x200000f4       0xc0 _build/nrf52840_xxaa/nrf_log_frontend.c.o
 .bss.log_mempool_nrf_balloc_pool_stack
                0x200001b4        0x8 _build/nrf52840_xxaa/nrf_log_frontend.c.o
 .bss.m_log_data
                0x200001bc      0x420 _build/nrf52840_xxaa/nrf_log_frontend.c.o
 .bss.m_log_push_ringbuf_buf
                0x200005dc       0x80 _build/nrf52840_xxaa/nrf_log_frontend.c.o
 .bss.m_log_push_ringbuf_cb
                0x2000065c       0x18 _build/nrf52840_xxaa/nrf_log_frontend.c.o
 .bss.m_in_critical_region
                0x20000674        0x4 _build/nrf52840_xxaa/app_util_platform.c.o
 .bss.m_handlers_iter
                0x20000678        0x8 _build/nrf52840_xxaa/nrf_pwr_mgmt.c.o
 .bss.m_shutdown_started
                0x20000680        0x1 _build/nrf52840_xxaa/nrf_pwr_mgmt.c.o
 *fill*         0x20000681        0x3 
 .bss.m_sysoff_mtx
                0x20000684        0x4 _build/nrf52840_xxaa/nrf_pwr_mgmt.c.o
 .bss.m_contexts
                0x20000688        0x8 _build/nrf52840_xxaa/nrf_drv_uart.c.o
 .bss.m_handlers
                0x20000690        0x8 _build/nrf52840_xxaa/nrf_drv_uart.c.o
 .bss.m_drv_state
                0x20000698        0x1 _build/nrf52840_xxaa/nrf_drv_ppi.c.o
 *fill*         0x20000699        0x3 
 .bss.m_channels_allocated
                0x2000069c        0x4 _build/nrf52840_xxaa/nrfx_ppi.c.o
 .bss.m_prs_box_4
                0x200006a0        0x8 _build/nrf52840_xxaa/nrfx_prs.c.o
 .bss.m_cb      0x200006a8       0x30 _build/nrf52840_xxaa/nrfx_saadc.c.o
 .bss.m_cb      0x200006d8        0xc _build/nrf52840_xxaa/nrfx_timer.c.o
 *fill*         0x200006e4        0x4 
 .bss.m_cb      0x200006e8       0x2c _build/nrf52840_xxaa/nrfx_uart.c.o
 *fill*         0x20000714        0x4 
 .bss.m_cb      0x20000718       0x24 _build/nrf52840_xxaa/nrfx_uarte.c.o
 .bss.m_adc_evt_counter
                0x2000073c        0x4 _build/nrf52840_xxaa/main.c.o
 .bss.m_buffer_pool
                0x20000740       0x10 _build/nrf52840_xxaa/main.c.o
 .bss.m_ppi_channel
                0x20000750        0x1 _build/nrf52840_xxaa/main.c.o
 *(COMMON)
 *fill*         0x20000751        0x3 
 COMMON         0x20000754        0x2 _build/nrf52840_xxaa/nrf_drv_uart.c.o
                0x20000754                nrf_drv_uart_use_easy_dma
                0x20000758                . = ALIGN (0x4)
 *fill*         0x20000756        0x2 
                0x20000758                __bss_end__ = .

.heap           0x20000758     0x2000
                0x20000758                __HeapBase = .
                0x20000758                __end__ = .
                [!provide]                PROVIDE (end = .)
 *(.heap*)
 .heap          0x20000758     0x2000 _build/nrf52840_xxaa/gcc_startup_nrf52840.S.o
                0x20002758                __HeapLimit = .

.stack_dummy    0x20000758     0x2000
 *(.stack*)
 .stack         0x20000758     0x2000 _build/nrf52840_xxaa/gcc_startup_nrf52840.S.o
                0x20040000                __StackTop = (ORIGIN (RAM) + LENGTH (RAM))
                0x2003e000                __StackLimit = (__StackTop - SIZEOF (.stack_dummy))
                0x20040000                PROVIDE (__stack = __StackTop)
                0x00000001                ASSERT ((__StackLimit >= __HeapLimit), region RAM overflowed with stack)
                0x00000088                DataInitFlashUsed = (__bss_start__ - __data_start__)
                0x000036fc                CodeFlashUsed = (__etext - ORIGIN (FLASH))
                0x00003784                TotalFlashUsed = (CodeFlashUsed + DataInitFlashUsed)
                0x00000001                ASSERT ((TotalFlashUsed <= LENGTH (FLASH)), region FLASH overflowed with .data and user data)
OUTPUT(_build/nrf52840_xxaa.out elf32-littlearm)
LOAD linker stubs

.ARM.attributes
                0x00000000       0x30
 .ARM.attributes
                0x00000000       0x1e c:/work/tools/gnu_arm/bin/../lib/gcc/arm-none-eabi/9.3.1/thumb/v7e-m+fp/hard/crti.o
 .ARM.attributes
                0x0000001e       0x34 c:/work/tools/gnu_arm/bin/../lib/gcc/arm-none-eabi/9.3.1/thumb/v7e-m+fp/hard/crtbegin.o
 .ARM.attributes
                0x00000052       0x1c c:/work/tools/gnu_arm/bin/../lib/gcc/arm-none-eabi/9.3.1/../../../../arm-none-eabi/lib/thumb/v7e-m+fp/hard/crt0.o
 .ARM.attributes
                0x0000006e       0x20 _build/nrf52840_xxaa/gcc_startup_nrf52840.S.o
 .ARM.attributes
                0x0000008e       0x34 _build/nrf52840_xxaa/nrf_log_backend_serial.c.o
 .ARM.attributes
                0x000000c2       0x34 _build/nrf52840_xxaa/nrf_log_backend_uart.c.o
 .ARM.attributes
                0x000000f6       0x34 _build/nrf52840_xxaa/nrf_log_default_backends.c.o
 .ARM.attributes
                0x0000012a       0x34 _build/nrf52840_xxaa/nrf_log_frontend.c.o
 .ARM.attributes
                0x0000015e       0x34 _build/nrf52840_xxaa/nrf_log_str_formatter.c.o
 .ARM.attributes
                0x00000192       0x34 _build/nrf52840_xxaa/app_error.c.o
 .ARM.attributes
                0x000001c6       0x34 _build/nrf52840_xxaa/app_error_weak.c.o
 .ARM.attributes
                0x000001fa       0x34 _build/nrf52840_xxaa/app_util_platform.c.o
 .ARM.attributes
                0x0000022e       0x34 _build/nrf52840_xxaa/nrf_atomic.c.o
 .ARM.attributes
                0x00000262       0x34 _build/nrf52840_xxaa/nrf_balloc.c.o
 .ARM.attributes
                0x00000296       0x34 _build/nrf52840_xxaa/nrf_fprintf.c.o
 .ARM.attributes
                0x000002ca       0x34 _build/nrf52840_xxaa/nrf_fprintf_format.c.o
 .ARM.attributes
                0x000002fe       0x34 _build/nrf52840_xxaa/nrf_memobj.c.o
 .ARM.attributes
                0x00000332       0x34 _build/nrf52840_xxaa/nrf_pwr_mgmt.c.o
 .ARM.attributes
                0x00000366       0x34 _build/nrf52840_xxaa/nrf_ringbuf.c.o
 .ARM.attributes
                0x0000039a       0x34 _build/nrf52840_xxaa/nrf_section_iter.c.o
 .ARM.attributes
                0x000003ce       0x34 _build/nrf52840_xxaa/nrf_drv_uart.c.o
 .ARM.attributes
                0x00000402       0x34 _build/nrf52840_xxaa/nrf_drv_ppi.c.o
 .ARM.attributes
                0x00000436       0x34 _build/nrf52840_xxaa/nrfx_ppi.c.o
 .ARM.attributes
                0x0000046a       0x34 _build/nrf52840_xxaa/nrfx_prs.c.o
 .ARM.attributes
                0x0000049e       0x34 _build/nrf52840_xxaa/nrfx_saadc.c.o
 .ARM.attributes
                0x000004d2       0x34 _build/nrf52840_xxaa/nrfx_timer.c.o
 .ARM.attributes
                0x00000506       0x34 _build/nrf52840_xxaa/nrfx_uart.c.o
 .ARM.attributes
                0x0000053a       0x34 _build/nrf52840_xxaa/nrfx_uarte.c.o
 .ARM.attributes
                0x0000056e       0x34 _build/nrf52840_xxaa/main.c.o
 .ARM.attributes
                0x000005a2       0x34 _build/nrf52840_xxaa/system_nrf52840.c.o
 .ARM.attributes
                0x000005d6       0x32 c:/work/tools/gnu_arm/bin/../lib/gcc/arm-none-eabi/9.3.1/../../../../arm-none-eabi/lib/thumb/v7e-m+fp/hard\libc_nano.a(lib_a-ctype_.o)
 .ARM.attributes
                0x00000608       0x34 c:/work/tools/gnu_arm/bin/../lib/gcc/arm-none-eabi/9.3.1/../../../../arm-none-eabi/lib/thumb/v7e-m+fp/hard\libc_nano.a(lib_a-exit.o)
 .ARM.attributes
                0x0000063c       0x32 c:/work/tools/gnu_arm/bin/../lib/gcc/arm-none-eabi/9.3.1/../../../../arm-none-eabi/lib/thumb/v7e-m+fp/hard\libc_nano.a(lib_a-impure.o)
 .ARM.attributes
                0x0000066e       0x34 c:/work/tools/gnu_arm/bin/../lib/gcc/arm-none-eabi/9.3.1/../../../../arm-none-eabi/lib/thumb/v7e-m+fp/hard\libc_nano.a(lib_a-init.o)
 .ARM.attributes
                0x000006a2       0x34 c:/work/tools/gnu_arm/bin/../lib/gcc/arm-none-eabi/9.3.1/../../../../arm-none-eabi/lib/thumb/v7e-m+fp/hard\libc_nano.a(lib_a-memcpy-stub.o)
 .ARM.attributes
                0x000006d6       0x34 c:/work/tools/gnu_arm/bin/../lib/gcc/arm-none-eabi/9.3.1/../../../../arm-none-eabi/lib/thumb/v7e-m+fp/hard\libc_nano.a(lib_a-memset.o)
 .ARM.attributes
                0x0000070a       0x17 c:/work/tools/gnu_arm/bin/../lib/gcc/arm-none-eabi/9.3.1/../../../../arm-none-eabi/lib/thumb/v7e-m+fp/hard\libc_nano.a(lib_a-strlen.o)
 .ARM.attributes
                0x00000721       0x34 c:/work/tools/gnu_arm/bin/../lib/gcc/arm-none-eabi/9.3.1/../../../../arm-none-eabi/lib/thumb/v7e-m+fp/hard\libnosys.a(_exit.o)
 .ARM.attributes
                0x00000755       0x32 c:/work/tools/gnu_arm/bin/../lib/gcc/arm-none-eabi/9.3.1/thumb/v7e-m+fp/hard/crtend.o
 .ARM.attributes
                0x00000787       0x1e c:/work/tools/gnu_arm/bin/../lib/gcc/arm-none-eabi/9.3.1/thumb/v7e-m+fp/hard/crtn.o

.comment        0x00000000       0x4c
 .comment       0x00000000       0x4c _build/nrf52840_xxaa/nrf_log_backend_serial.c.o
                                 0x4d (size before relaxing)
 .comment       0x0000004c       0x4d _build/nrf52840_xxaa/nrf_log_backend_uart.c.o
 .comment       0x0000004c       0x4d _build/nrf52840_xxaa/nrf_log_default_backends.c.o
 .comment       0x0000004c       0x4d _build/nrf52840_xxaa/nrf_log_frontend.c.o
 .comment       0x0000004c       0x4d _build/nrf52840_xxaa/nrf_log_str_formatter.c.o
 .comment       0x0000004c       0x4d _build/nrf52840_xxaa/app_error.c.o
 .comment       0x0000004c       0x4d _build/nrf52840_xxaa/app_error_weak.c.o
 .comment       0x0000004c       0x4d _build/nrf52840_xxaa/app_util_platform.c.o
 .comment       0x0000004c       0x4d _build/nrf52840_xxaa/nrf_atomic.c.o
 .comment       0x0000004c       0x4d _build/nrf52840_xxaa/nrf_balloc.c.o
 .comment       0x0000004c       0x4d _build/nrf52840_xxaa/nrf_fprintf.c.o
 .comment       0x0000004c       0x4d _build/nrf52840_xxaa/nrf_fprintf_format.c.o
 .comment       0x0000004c       0x4d _build/nrf52840_xxaa/nrf_memobj.c.o
 .comment       0x0000004c       0x4d _build/nrf52840_xxaa/nrf_pwr_mgmt.c.o
 .comment       0x0000004c       0x4d _build/nrf52840_xxaa/nrf_ringbuf.c.o
 .comment       0x0000004c       0x4d _build/nrf52840_xxaa/nrf_section_iter.c.o
 .comment       0x0000004c       0x4d _build/nrf52840_xxaa/nrf_drv_uart.c.o
 .comment       0x0000004c       0x4d _build/nrf52840_xxaa/nrf_drv_ppi.c.o
 .comment       0x0000004c       0x4d _build/nrf52840_xxaa/nrfx_ppi.c.o
 .comment       0x0000004c       0x4d _build/nrf52840_xxaa/nrfx_prs.c.o
 .comment       0x0000004c       0x4d _build/nrf52840_xxaa/nrfx_saadc.c.o
 .comment       0x0000004c       0x4d _build/nrf52840_xxaa/nrfx_timer.c.o
 .comment       0x0000004c       0x4d _build/nrf52840_xxaa/nrfx_uart.c.o
 .comment       0x0000004c       0x4d _build/nrf52840_xxaa/nrfx_uarte.c.o
 .comment       0x0000004c       0x4d _build/nrf52840_xxaa/main.c.o
 .comment       0x0000004c       0x4d _build/nrf52840_xxaa/system_nrf52840.c.o

.debug_line     0x00000000    0x16c05
 .debug_line    0x00000000       0x89 _build/nrf52840_xxaa/gcc_startup_nrf52840.S.o
 .debug_line    0x00000089      0x82c _build/nrf52840_xxaa/nrf_log_backend_serial.c.o
 .debug_line    0x000008b5      0xb49 _build/nrf52840_xxaa/nrf_log_backend_uart.c.o
 .debug_line    0x000013fe      0x707 _build/nrf52840_xxaa/nrf_log_default_backends.c.o
 .debug_line    0x00001b05     0x2aac _build/nrf52840_xxaa/nrf_log_frontend.c.o
 .debug_line    0x000045b1      0x963 _build/nrf52840_xxaa/nrf_log_str_formatter.c.o
 .debug_line    0x00004f14      0x53c _build/nrf52840_xxaa/app_error.c.o
 .debug_line    0x00005450      0x7ec _build/nrf52840_xxaa/app_error_weak.c.o
 .debug_line    0x00005c3c      0x608 _build/nrf52840_xxaa/app_util_platform.c.o
 .debug_line    0x00006244      0x851 _build/nrf52840_xxaa/nrf_atomic.c.o
 .debug_line    0x00006a95      0x85c _build/nrf52840_xxaa/nrf_balloc.c.o
 .debug_line    0x000072f1      0x50d _build/nrf52840_xxaa/nrf_fprintf.c.o
 .debug_line    0x000077fe      0xee7 _build/nrf52840_xxaa/nrf_fprintf_format.c.o
 .debug_line    0x000086e5      0xaee _build/nrf52840_xxaa/nrf_memobj.c.o
 .debug_line    0x000091d3      0xd3b _build/nrf52840_xxaa/nrf_pwr_mgmt.c.o
 .debug_line    0x00009f0e      0x94e _build/nrf52840_xxaa/nrf_ringbuf.c.o
 .debug_line    0x0000a85c      0x523 _build/nrf52840_xxaa/nrf_section_iter.c.o
 .debug_line    0x0000ad7f      0x7df _build/nrf52840_xxaa/nrf_drv_uart.c.o
 .debug_line    0x0000b55e      0x6f8 _build/nrf52840_xxaa/nrf_drv_ppi.c.o
 .debug_line    0x0000bc56     0x11dd _build/nrf52840_xxaa/nrfx_ppi.c.o
 .debug_line    0x0000ce33      0x8b7 _build/nrf52840_xxaa/nrfx_prs.c.o
 .debug_line    0x0000d6ea     0x2bc5 _build/nrf52840_xxaa/nrfx_saadc.c.o
 .debug_line    0x000102af     0x1329 _build/nrf52840_xxaa/nrfx_timer.c.o
 .debug_line    0x000115d8     0x1ed6 _build/nrf52840_xxaa/nrfx_uart.c.o
 .debug_line    0x000134ae     0x1e7d _build/nrf52840_xxaa/nrfx_uarte.c.o
 .debug_line    0x0001532b     0x10f9 _build/nrf52840_xxaa/main.c.o
 .debug_line    0x00016424      0x7e1 _build/nrf52840_xxaa/system_nrf52840.c.o

.debug_info     0x00000000    0x2bcec
 .debug_info    0x00000000       0x26 _build/nrf52840_xxaa/gcc_startup_nrf52840.S.o
 .debug_info    0x00000026     0x11f6 _build/nrf52840_xxaa/nrf_log_backend_serial.c.o
 .debug_info    0x0000121c     0x1c74 _build/nrf52840_xxaa/nrf_log_backend_uart.c.o
 .debug_info    0x00002e90      0xd48 _build/nrf52840_xxaa/nrf_log_default_backends.c.o
 .debug_info    0x00003bd8     0x45a8 _build/nrf52840_xxaa/nrf_log_frontend.c.o
 .debug_info    0x00008180     0x13db _build/nrf52840_xxaa/nrf_log_str_formatter.c.o
 .debug_info    0x0000955b      0xb94 _build/nrf52840_xxaa/app_error.c.o
 .debug_info    0x0000a0ef      0xfb5 _build/nrf52840_xxaa/app_error_weak.c.o
 .debug_info    0x0000b0a4     0x10e5 _build/nrf52840_xxaa/app_util_platform.c.o
 .debug_info    0x0000c189     0x13e4 _build/nrf52840_xxaa/nrf_atomic.c.o
 .debug_info    0x0000d56d      0xe40 _build/nrf52840_xxaa/nrf_balloc.c.o
 .debug_info    0x0000e3ad      0xb51 _build/nrf52840_xxaa/nrf_fprintf.c.o
 .debug_info    0x0000eefe     0x157d _build/nrf52840_xxaa/nrf_fprintf_format.c.o
 .debug_info    0x0001047b     0x15ca _build/nrf52840_xxaa/nrf_memobj.c.o
 .debug_info    0x00011a45     0x1c0d _build/nrf52840_xxaa/nrf_pwr_mgmt.c.o
 .debug_info    0x00013652      0xf3a _build/nrf52840_xxaa/nrf_ringbuf.c.o
 .debug_info    0x0001458c      0xac1 _build/nrf52840_xxaa/nrf_section_iter.c.o
 .debug_info    0x0001504d     0x1ad6 _build/nrf52840_xxaa/nrf_drv_uart.c.o
 .debug_info    0x00016b23      0xa21 _build/nrf52840_xxaa/nrf_drv_ppi.c.o
 .debug_info    0x00017544     0x1e8a _build/nrf52840_xxaa/nrfx_ppi.c.o
 .debug_info    0x000193ce     0x11aa _build/nrf52840_xxaa/nrfx_prs.c.o
 .debug_info    0x0001a578     0x3325 _build/nrf52840_xxaa/nrfx_saadc.c.o
 .debug_info    0x0001d89d     0x2719 _build/nrf52840_xxaa/nrfx_timer.c.o
 .debug_info    0x0001ffb6     0x42bc _build/nrf52840_xxaa/nrfx_uart.c.o
 .debug_info    0x00024272     0x424a _build/nrf52840_xxaa/nrfx_uarte.c.o
 .debug_info    0x000284bc     0x213c _build/nrf52840_xxaa/main.c.o
 .debug_info    0x0002a5f8     0x16f4 _build/nrf52840_xxaa/system_nrf52840.c.o

.debug_abbrev   0x00000000     0x5f94
 .debug_abbrev  0x00000000       0x14 _build/nrf52840_xxaa/gcc_startup_nrf52840.S.o
 .debug_abbrev  0x00000014      0x2cc _build/nrf52840_xxaa/nrf_log_backend_serial.c.o
 .debug_abbrev  0x000002e0      0x41d _build/nrf52840_xxaa/nrf_log_backend_uart.c.o
 .debug_abbrev  0x000006fd      0x294 _build/nrf52840_xxaa/nrf_log_default_backends.c.o
 .debug_abbrev  0x00000991      0x626 _build/nrf52840_xxaa/nrf_log_frontend.c.o
 .debug_abbrev  0x00000fb7      0x320 _build/nrf52840_xxaa/nrf_log_str_formatter.c.o
 .debug_abbrev  0x000012d7      0x276 _build/nrf52840_xxaa/app_error.c.o
 .debug_abbrev  0x0000154d      0x2fd _build/nrf52840_xxaa/app_error_weak.c.o
 .debug_abbrev  0x0000184a      0x37a _build/nrf52840_xxaa/app_util_platform.c.o
 .debug_abbrev  0x00001bc4      0x378 _build/nrf52840_xxaa/nrf_atomic.c.o
 .debug_abbrev  0x00001f3c      0x343 _build/nrf52840_xxaa/nrf_balloc.c.o
 .debug_abbrev  0x0000227f      0x27d _build/nrf52840_xxaa/nrf_fprintf.c.o
 .debug_abbrev  0x000024fc      0x3fa _build/nrf52840_xxaa/nrf_fprintf_format.c.o
 .debug_abbrev  0x000028f6      0x397 _build/nrf52840_xxaa/nrf_memobj.c.o
 .debug_abbrev  0x00002c8d      0x4ba _build/nrf52840_xxaa/nrf_pwr_mgmt.c.o
 .debug_abbrev  0x00003147      0x2b2 _build/nrf52840_xxaa/nrf_ringbuf.c.o
 .debug_abbrev  0x000033f9      0x206 _build/nrf52840_xxaa/nrf_section_iter.c.o
 .debug_abbrev  0x000035ff      0x2da _build/nrf52840_xxaa/nrf_drv_uart.c.o
 .debug_abbrev  0x000038d9      0x244 _build/nrf52840_xxaa/nrf_drv_ppi.c.o
 .debug_abbrev  0x00003b1d      0x47d _build/nrf52840_xxaa/nrfx_ppi.c.o
 .debug_abbrev  0x00003f9a      0x35b _build/nrf52840_xxaa/nrfx_prs.c.o
 .debug_abbrev  0x000042f5      0x5e7 _build/nrf52840_xxaa/nrfx_saadc.c.o
 .debug_abbrev  0x000048dc      0x529 _build/nrf52840_xxaa/nrfx_timer.c.o
 .debug_abbrev  0x00004e05      0x59d _build/nrf52840_xxaa/nrfx_uart.c.o
 .debug_abbrev  0x000053a2      0x571 _build/nrf52840_xxaa/nrfx_uarte.c.o
 .debug_abbrev  0x00005913      0x413 _build/nrf52840_xxaa/main.c.o
 .debug_abbrev  0x00005d26      0x26e _build/nrf52840_xxaa/system_nrf52840.c.o

.debug_aranges  0x00000000      0x7c0
 .debug_aranges
                0x00000000       0x20 _build/nrf52840_xxaa/gcc_startup_nrf52840.S.o
 .debug_aranges
                0x00000020       0x20 _build/nrf52840_xxaa/nrf_log_backend_serial.c.o
 .debug_aranges
                0x00000040       0x48 _build/nrf52840_xxaa/nrf_log_backend_uart.c.o
 .debug_aranges
                0x00000088       0x20 _build/nrf52840_xxaa/nrf_log_default_backends.c.o
 .debug_aranges
                0x000000a8       0xb8 _build/nrf52840_xxaa/nrf_log_frontend.c.o
 .debug_aranges
                0x00000160       0x38 _build/nrf52840_xxaa/nrf_log_str_formatter.c.o
 .debug_aranges
                0x00000198       0x28 _build/nrf52840_xxaa/app_error.c.o
 .debug_aranges
                0x000001c0       0x20 _build/nrf52840_xxaa/app_error_weak.c.o
 .debug_aranges
                0x000001e0       0x48 _build/nrf52840_xxaa/app_util_platform.c.o
 .debug_aranges
                0x00000228       0xb0 _build/nrf52840_xxaa/nrf_atomic.c.o
 .debug_aranges
                0x000002d8       0x30 _build/nrf52840_xxaa/nrf_balloc.c.o
 .debug_aranges
                0x00000308       0x28 _build/nrf52840_xxaa/nrf_fprintf.c.o
 .debug_aranges
                0x00000330       0x28 _build/nrf52840_xxaa/nrf_fprintf_format.c.o
 .debug_aranges
                0x00000358       0x50 _build/nrf52840_xxaa/nrf_memobj.c.o
 .debug_aranges
                0x000003a8       0x38 _build/nrf52840_xxaa/nrf_pwr_mgmt.c.o
 .debug_aranges
                0x000003e0       0x50 _build/nrf52840_xxaa/nrf_ringbuf.c.o
 .debug_aranges
                0x00000430       0x28 _build/nrf52840_xxaa/nrf_section_iter.c.o
 .debug_aranges
                0x00000458       0x30 _build/nrf52840_xxaa/nrf_drv_uart.c.o
 .debug_aranges
                0x00000488       0x28 _build/nrf52840_xxaa/nrf_drv_ppi.c.o
 .debug_aranges
                0x000004b0       0x80 _build/nrf52840_xxaa/nrfx_ppi.c.o
 .debug_aranges
                0x00000530       0x30 _build/nrf52840_xxaa/nrfx_prs.c.o
 .debug_aranges
                0x00000560       0x80 _build/nrf52840_xxaa/nrfx_saadc.c.o
 .debug_aranges
                0x000005e0       0x90 _build/nrf52840_xxaa/nrfx_timer.c.o
 .debug_aranges
                0x00000670       0x78 _build/nrf52840_xxaa/nrfx_uart.c.o
 .debug_aranges
                0x000006e8       0x68 _build/nrf52840_xxaa/nrfx_uarte.c.o
 .debug_aranges
                0x00000750       0x48 _build/nrf52840_xxaa/main.c.o
 .debug_aranges
                0x00000798       0x28 _build/nrf52840_xxaa/system_nrf52840.c.o

.debug_str      0x00000000    0x96a55
 .debug_str     0x00000000       0x98 _build/nrf52840_xxaa/gcc_startup_nrf52840.S.o
 .debug_str     0x00000098    0x86a1e _build/nrf52840_xxaa/nrf_log_backend_serial.c.o
                              0x88032 (size before relaxing)
 .debug_str     0x00086ab6     0x4770 _build/nrf52840_xxaa/nrf_log_backend_uart.c.o
                              0x8c2e8 (size before relaxing)
 .debug_str     0x0008b226      0x11c _build/nrf52840_xxaa/nrf_log_default_backends.c.o
                              0x87de9 (size before relaxing)
 .debug_str     0x0008b342     0x1374 _build/nrf52840_xxaa/nrf_log_frontend.c.o
                              0x892a2 (size before relaxing)
 .debug_str     0x0008c6b6      0x6a6 _build/nrf52840_xxaa/nrf_log_str_formatter.c.o
                              0x88554 (size before relaxing)
 .debug_str     0x0008cd5c      0x136 _build/nrf52840_xxaa/app_error.c.o
                              0x79b03 (size before relaxing)
 .debug_str     0x0008ce92       0xc2 _build/nrf52840_xxaa/app_error_weak.c.o
                              0x884ba (size before relaxing)
 .debug_str     0x0008cf54      0x3eb _build/nrf52840_xxaa/app_util_platform.c.o
                              0x7a360 (size before relaxing)
 .debug_str     0x0008d33f      0x6b9 _build/nrf52840_xxaa/nrf_atomic.c.o
                              0x83ef1 (size before relaxing)
 .debug_str     0x0008d9f8      0x164 _build/nrf52840_xxaa/nrf_balloc.c.o
                              0x87e42 (size before relaxing)
 .debug_str     0x0008db5c      0x144 _build/nrf52840_xxaa/nrf_fprintf.c.o
                              0x83b4a (size before relaxing)
 .debug_str     0x0008dca0      0x511 _build/nrf52840_xxaa/nrf_fprintf_format.c.o
                              0x84033 (size before relaxing)
 .debug_str     0x0008e1b1      0x1ac _build/nrf52840_xxaa/nrf_memobj.c.o
                              0x86206 (size before relaxing)
 .debug_str     0x0008e35d      0xf2f _build/nrf52840_xxaa/nrf_pwr_mgmt.c.o
                              0x8ccdc (size before relaxing)
 .debug_str     0x0008f28c       0xdc _build/nrf52840_xxaa/nrf_ringbuf.c.o
                              0x848f8 (size before relaxing)
 .debug_str     0x0008f368       0x54 _build/nrf52840_xxaa/nrf_section_iter.c.o
                              0x83d19 (size before relaxing)
 .debug_str     0x0008f3bc      0x470 _build/nrf52840_xxaa/nrf_drv_uart.c.o
                              0x88ad3 (size before relaxing)
 .debug_str     0x0008f82c      0x6fc _build/nrf52840_xxaa/nrf_drv_ppi.c.o
                              0x87d25 (size before relaxing)
 .debug_str     0x0008ff28      0x92c _build/nrf52840_xxaa/nrfx_ppi.c.o
                              0x8b0b4 (size before relaxing)
 .debug_str     0x00090854      0x341 _build/nrf52840_xxaa/nrfx_prs.c.o
                              0x8ad3d (size before relaxing)
 .debug_str     0x00090b95     0x17d9 _build/nrf52840_xxaa/nrfx_saadc.c.o
                              0x8c68e (size before relaxing)
 .debug_str     0x0009236e     0x1026 _build/nrf52840_xxaa/nrfx_timer.c.o
                              0x8be78 (size before relaxing)
 .debug_str     0x00093394      0xa20 _build/nrf52840_xxaa/nrfx_uart.c.o
                              0x8bf42 (size before relaxing)
 .debug_str     0x00093db4      0x96a _build/nrf52840_xxaa/nrfx_uarte.c.o
                              0x8c3d6 (size before relaxing)
 .debug_str     0x0009471e     0x1e35 _build/nrf52840_xxaa/main.c.o
                              0x8fe19 (size before relaxing)
 .debug_str     0x00096553      0x502 _build/nrf52840_xxaa/system_nrf52840.c.o
                              0x75824 (size before relaxing)

.debug_loc      0x00000000    0x10b83
 .debug_loc     0x00000000      0x186 _build/nrf52840_xxaa/nrf_log_backend_serial.c.o
 .debug_loc     0x00000186      0x334 _build/nrf52840_xxaa/nrf_log_backend_uart.c.o
 .debug_loc     0x000004ba       0x17 _build/nrf52840_xxaa/nrf_log_default_backends.c.o
 .debug_loc     0x000004d1     0x5124 _build/nrf52840_xxaa/nrf_log_frontend.c.o
 .debug_loc     0x000055f5      0x486 _build/nrf52840_xxaa/nrf_log_str_formatter.c.o
 .debug_loc     0x00005a7b       0xc8 _build/nrf52840_xxaa/app_error.c.o
 .debug_loc     0x00005b43       0x6f _build/nrf52840_xxaa/app_error_weak.c.o
 .debug_loc     0x00005bb2      0x11a _build/nrf52840_xxaa/app_util_platform.c.o
 .debug_loc     0x00005ccc      0x587 _build/nrf52840_xxaa/nrf_atomic.c.o
 .debug_loc     0x00006253      0x285 _build/nrf52840_xxaa/nrf_balloc.c.o
 .debug_loc     0x000064d8       0x54 _build/nrf52840_xxaa/nrf_fprintf.c.o
 .debug_loc     0x0000652c     0x104a _build/nrf52840_xxaa/nrf_fprintf_format.c.o
 .debug_loc     0x00007576     0x100c _build/nrf52840_xxaa/nrf_memobj.c.o
 .debug_loc     0x00008582      0x120 _build/nrf52840_xxaa/nrf_pwr_mgmt.c.o
 .debug_loc     0x000086a2      0x66a _build/nrf52840_xxaa/nrf_ringbuf.c.o
 .debug_loc     0x00008d0c      0x1d6 _build/nrf52840_xxaa/nrf_drv_uart.c.o
 .debug_loc     0x00008ee2      0xbfe _build/nrf52840_xxaa/nrfx_ppi.c.o
 .debug_loc     0x00009ae0      0x10e _build/nrf52840_xxaa/nrfx_prs.c.o
 .debug_loc     0x00009bee     0x193f _build/nrf52840_xxaa/nrfx_saadc.c.o
 .debug_loc     0x0000b52d      0xe64 _build/nrf52840_xxaa/nrfx_timer.c.o
 .debug_loc     0x0000c391     0x203e _build/nrf52840_xxaa/nrfx_uart.c.o
 .debug_loc     0x0000e3cf     0x2033 _build/nrf52840_xxaa/nrfx_uarte.c.o
 .debug_loc     0x00010402      0x54b _build/nrf52840_xxaa/main.c.o
 .debug_loc     0x0001094d      0x236 _build/nrf52840_xxaa/system_nrf52840.c.o

.debug_ranges   0x00000000     0x4048
 .debug_ranges  0x00000000       0x28 _build/nrf52840_xxaa/nrf_log_backend_serial.c.o
 .debug_ranges  0x00000028      0x110 _build/nrf52840_xxaa/nrf_log_backend_uart.c.o
 .debug_ranges  0x00000138       0x10 _build/nrf52840_xxaa/nrf_log_default_backends.c.o
 .debug_ranges  0x00000148      0xad8 _build/nrf52840_xxaa/nrf_log_frontend.c.o
 .debug_ranges  0x00000c20       0xa8 _build/nrf52840_xxaa/nrf_log_str_formatter.c.o
 .debug_ranges  0x00000cc8       0x18 _build/nrf52840_xxaa/app_error.c.o
 .debug_ranges  0x00000ce0       0x28 _build/nrf52840_xxaa/app_error_weak.c.o
 .debug_ranges  0x00000d08       0x38 _build/nrf52840_xxaa/app_util_platform.c.o
 .debug_ranges  0x00000d40      0x228 _build/nrf52840_xxaa/nrf_atomic.c.o
 .debug_ranges  0x00000f68       0x40 _build/nrf52840_xxaa/nrf_balloc.c.o
 .debug_ranges  0x00000fa8       0x18 _build/nrf52840_xxaa/nrf_fprintf.c.o
 .debug_ranges  0x00000fc0      0x338 _build/nrf52840_xxaa/nrf_fprintf_format.c.o
 .debug_ranges  0x000012f8       0xb8 _build/nrf52840_xxaa/nrf_memobj.c.o
 .debug_ranges  0x000013b0       0xf0 _build/nrf52840_xxaa/nrf_pwr_mgmt.c.o
 .debug_ranges  0x000014a0       0x40 _build/nrf52840_xxaa/nrf_ringbuf.c.o
 .debug_ranges  0x000014e0       0x18 _build/nrf52840_xxaa/nrf_section_iter.c.o
 .debug_ranges  0x000014f8       0x20 _build/nrf52840_xxaa/nrf_drv_uart.c.o
 .debug_ranges  0x00001518       0x18 _build/nrf52840_xxaa/nrf_drv_ppi.c.o
 .debug_ranges  0x00001530      0x4a0 _build/nrf52840_xxaa/nrfx_ppi.c.o
 .debug_ranges  0x000019d0       0x38 _build/nrf52840_xxaa/nrfx_prs.c.o
 .debug_ranges  0x00001a08     0x1118 _build/nrf52840_xxaa/nrfx_saadc.c.o
 .debug_ranges  0x00002b20      0x490 _build/nrf52840_xxaa/nrfx_timer.c.o
 .debug_ranges  0x00002fb0      0x6b8 _build/nrf52840_xxaa/nrfx_uart.c.o
 .debug_ranges  0x00003668      0x680 _build/nrf52840_xxaa/nrfx_uarte.c.o
 .debug_ranges  0x00003ce8      0x270 _build/nrf52840_xxaa/main.c.o
 .debug_ranges  0x00003f58       0xf0 _build/nrf52840_xxaa/system_nrf52840.c.o

.debug_macro    0x00000000     0x753b
 .debug_macro   0x00000000      0x375 _build/nrf52840_xxaa/nrf_log_backend_serial.c.o
 .debug_macro   0x00000375       0x16 _build/nrf52840_xxaa/nrf_log_backend_serial.c.o
 .debug_macro   0x0000038b       0x22 _build/nrf52840_xxaa/nrf_log_backend_serial.c.o
 .debug_macro   0x000003ad       0x1c _build/nrf52840_xxaa/nrf_log_backend_serial.c.o
 .debug_macro   0x000003c9       0x10 _build/nrf52840_xxaa/nrf_log_backend_serial.c.o
 .debug_macro   0x000003d9       0xbe _build/nrf52840_xxaa/nrf_log_backend_serial.c.o
 .debug_macro   0x00000497       0x16 _build/nrf52840_xxaa/nrf_log_backend_serial.c.o
 .debug_macro   0x000004ad      0x129 _build/nrf52840_xxaa/nrf_log_backend_serial.c.o
 .debug_macro   0x000005d6       0x49 _build/nrf52840_xxaa/nrf_log_backend_serial.c.o
 .debug_macro   0x0000061f       0x8c _build/nrf52840_xxaa/nrf_log_backend_serial.c.o
 .debug_macro   0x000006ab       0x31 _build/nrf52840_xxaa/nrf_log_backend_serial.c.o
 .debug_macro   0x000006dc       0x55 _build/nrf52840_xxaa/nrf_log_backend_serial.c.o
 .debug_macro   0x00000731       0x98 _build/nrf52840_xxaa/nrf_log_backend_serial.c.o
 .debug_macro   0x000007c9       0x10 _build/nrf52840_xxaa/nrf_log_backend_serial.c.o
 .debug_macro   0x000007d9       0x1d _build/nrf52840_xxaa/nrf_log_backend_serial.c.o
 .debug_macro   0x000007f6       0x2e _build/nrf52840_xxaa/nrf_log_backend_serial.c.o
 .debug_macro   0x00000824       0x1c _build/nrf52840_xxaa/nrf_log_backend_serial.c.o
 .debug_macro   0x00000840      0x185 _build/nrf52840_xxaa/nrf_log_backend_serial.c.o
 .debug_macro   0x000009c5      0x458 _build/nrf52840_xxaa/nrf_log_backend_uart.c.o
 .debug_macro   0x00000e1d      0x45b _build/nrf52840_xxaa/nrf_log_backend_uart.c.o
 .debug_macro   0x00001278       0x59 _build/nrf52840_xxaa/nrf_log_backend_uart.c.o
 .debug_macro   0x000012d1      0x2cd _build/nrf52840_xxaa/nrf_log_backend_uart.c.o
 .debug_macro   0x0000159e      0x14e _build/nrf52840_xxaa/nrf_log_backend_uart.c.o
 .debug_macro   0x000016ec       0x5a _build/nrf52840_xxaa/nrf_log_backend_uart.c.o
 .debug_macro   0x00001746       0x1d _build/nrf52840_xxaa/nrf_log_backend_uart.c.o
 .debug_macro   0x00001763       0xac _build/nrf52840_xxaa/nrf_log_backend_uart.c.o
 .debug_macro   0x0000180f       0x64 _build/nrf52840_xxaa/nrf_log_backend_uart.c.o
 .debug_macro   0x00001873       0x20 _build/nrf52840_xxaa/nrf_log_backend_uart.c.o
 .debug_macro   0x00001893       0x10 _build/nrf52840_xxaa/nrf_log_backend_uart.c.o
 .debug_macro   0x000018a3       0x10 _build/nrf52840_xxaa/nrf_log_backend_uart.c.o
 .debug_macro   0x000018b3       0x10 _build/nrf52840_xxaa/nrf_log_backend_uart.c.o
 .debug_macro   0x000018c3       0x10 _build/nrf52840_xxaa/nrf_log_backend_uart.c.o
 .debug_macro   0x000018d3       0x10 _build/nrf52840_xxaa/nrf_log_backend_uart.c.o
 .debug_macro   0x000018e3       0x3f _build/nrf52840_xxaa/nrf_log_backend_uart.c.o
 .debug_macro   0x00001922      0x366 _build/nrf52840_xxaa/nrf_log_default_backends.c.o
 .debug_macro   0x00001c88       0x10 _build/nrf52840_xxaa/nrf_log_default_backends.c.o
 .debug_macro   0x00001c98      0x3e7 _build/nrf52840_xxaa/nrf_log_frontend.c.o
 .debug_macro   0x0000207f       0x16 _build/nrf52840_xxaa/nrf_log_frontend.c.o
 .debug_macro   0x00002095       0x9a _build/nrf52840_xxaa/nrf_log_frontend.c.o
 .debug_macro   0x0000212f       0x9e _build/nrf52840_xxaa/nrf_log_frontend.c.o
 .debug_macro   0x000021cd      0x3b7 _build/nrf52840_xxaa/nrf_log_str_formatter.c.o
 .debug_macro   0x00002584       0xa2 _build/nrf52840_xxaa/nrf_log_str_formatter.c.o
 .debug_macro   0x00002626      0x21d _build/nrf52840_xxaa/app_error.c.o
 .debug_macro   0x00002843       0x97 _build/nrf52840_xxaa/app_error.c.o
 .debug_macro   0x000028da       0xf6 _build/nrf52840_xxaa/app_error.c.o
 .debug_macro   0x000029d0      0x365 _build/nrf52840_xxaa/app_error_weak.c.o
 .debug_macro   0x00002d35       0xfb _build/nrf52840_xxaa/app_error_weak.c.o
 .debug_macro   0x00002e30       0x16 _build/nrf52840_xxaa/app_error_weak.c.o
 .debug_macro   0x00002e46       0x92 _build/nrf52840_xxaa/app_error_weak.c.o
 .debug_macro   0x00002ed8      0x239 _build/nrf52840_xxaa/app_util_platform.c.o
 .debug_macro   0x00003111       0xe9 _build/nrf52840_xxaa/app_util_platform.c.o
 .debug_macro   0x000031fa      0x230 _build/nrf52840_xxaa/nrf_atomic.c.o
 .debug_macro   0x0000342a       0x42 _build/nrf52840_xxaa/nrf_atomic.c.o
 .debug_macro   0x0000346c      0x32a _build/nrf52840_xxaa/nrf_balloc.c.o
 .debug_macro   0x00003796       0x10 _build/nrf52840_xxaa/nrf_balloc.c.o
 .debug_macro   0x000037a6      0x23c _build/nrf52840_xxaa/nrf_fprintf.c.o
 .debug_macro   0x000039e2       0x58 _build/nrf52840_xxaa/nrf_fprintf.c.o
 .debug_macro   0x00003a3a      0x2ae _build/nrf52840_xxaa/nrf_fprintf_format.c.o
 .debug_macro   0x00003ce8      0x30d _build/nrf52840_xxaa/nrf_memobj.c.o
 .debug_macro   0x00003ff5      0x10e _build/nrf52840_xxaa/nrf_memobj.c.o
 .debug_macro   0x00004103       0x86 _build/nrf52840_xxaa/nrf_memobj.c.o
 .debug_macro   0x00004189       0x5b _build/nrf52840_xxaa/nrf_memobj.c.o
 .debug_macro   0x000041e4      0x4e9 _build/nrf52840_xxaa/nrf_pwr_mgmt.c.o
 .debug_macro   0x000046cd       0x11 _build/nrf52840_xxaa/nrf_pwr_mgmt.c.o
 .debug_macro   0x000046de       0x10 _build/nrf52840_xxaa/nrf_pwr_mgmt.c.o
 .debug_macro   0x000046ee       0x45 _build/nrf52840_xxaa/nrf_pwr_mgmt.c.o
 .debug_macro   0x00004733       0x28 _build/nrf52840_xxaa/nrf_pwr_mgmt.c.o
 .debug_macro   0x0000475b      0x17f _build/nrf52840_xxaa/nrf_pwr_mgmt.c.o
 .debug_macro   0x000048da      0x2bc _build/nrf52840_xxaa/nrf_ringbuf.c.o
 .debug_macro   0x00004b96      0x23f _build/nrf52840_xxaa/nrf_section_iter.c.o
 .debug_macro   0x00004dd5      0x367 _build/nrf52840_xxaa/nrf_drv_uart.c.o
 .debug_macro   0x0000513c      0x33f _build/nrf52840_xxaa/nrf_drv_ppi.c.o
 .debug_macro   0x0000547b       0x16 _build/nrf52840_xxaa/nrf_drv_ppi.c.o
 .debug_macro   0x00005491       0x88 _build/nrf52840_xxaa/nrf_drv_ppi.c.o
 .debug_macro   0x00005519      0x3d2 _build/nrf52840_xxaa/nrfx_ppi.c.o
 .debug_macro   0x000058eb       0x1c _build/nrf52840_xxaa/nrfx_ppi.c.o
 .debug_macro   0x00005907       0x37 _build/nrf52840_xxaa/nrfx_ppi.c.o
 .debug_macro   0x0000593e       0x42 _build/nrf52840_xxaa/nrfx_ppi.c.o
 .debug_macro   0x00005980      0x3d4 _build/nrf52840_xxaa/nrfx_prs.c.o
 .debug_macro   0x00005d54       0x28 _build/nrf52840_xxaa/nrfx_prs.c.o
 .debug_macro   0x00005d7c      0x3fb _build/nrf52840_xxaa/nrfx_saadc.c.o
 .debug_macro   0x00006177       0x10 _build/nrf52840_xxaa/nrfx_saadc.c.o
 .debug_macro   0x00006187       0x22 _build/nrf52840_xxaa/nrfx_saadc.c.o
 .debug_macro   0x000061a9      0x3df _build/nrf52840_xxaa/nrfx_timer.c.o
 .debug_macro   0x00006588       0x22 _build/nrf52840_xxaa/nrfx_timer.c.o
 .debug_macro   0x000065aa       0x10 _build/nrf52840_xxaa/nrfx_timer.c.o
 .debug_macro   0x000065ba      0x3ef _build/nrf52840_xxaa/nrfx_uart.c.o
 .debug_macro   0x000069a9       0x22 _build/nrf52840_xxaa/nrfx_uart.c.o
 .debug_macro   0x000069cb      0x40d _build/nrf52840_xxaa/nrfx_uarte.c.o
 .debug_macro   0x00006dd8      0x4e9 _build/nrf52840_xxaa/main.c.o
 .debug_macro   0x000072c1       0x94 _build/nrf52840_xxaa/main.c.o
 .debug_macro   0x00007355       0x94 _build/nrf52840_xxaa/main.c.o
 .debug_macro   0x000073e9       0x10 _build/nrf52840_xxaa/main.c.o
 .debug_macro   0x000073f9       0x10 _build/nrf52840_xxaa/main.c.o
 .debug_macro   0x00007409      0x132 _build/nrf52840_xxaa/system_nrf52840.c.o

.debug_frame    0x00000000     0x16a0
 .debug_frame   0x00000000       0x40 _build/nrf52840_xxaa/nrf_log_backend_serial.c.o
 .debug_frame   0x00000040       0xbc _build/nrf52840_xxaa/nrf_log_backend_uart.c.o
 .debug_frame   0x000000fc       0x28 _build/nrf52840_xxaa/nrf_log_default_backends.c.o
 .debug_frame   0x00000124      0x2dc _build/nrf52840_xxaa/nrf_log_frontend.c.o
 .debug_frame   0x00000400       0xac _build/nrf52840_xxaa/nrf_log_str_formatter.c.o
 .debug_frame   0x000004ac       0x54 _build/nrf52840_xxaa/app_error.c.o
 .debug_frame   0x00000500       0x28 _build/nrf52840_xxaa/app_error_weak.c.o
 .debug_frame   0x00000528       0x70 _build/nrf52840_xxaa/app_util_platform.c.o
 .debug_frame   0x00000598      0x228 _build/nrf52840_xxaa/nrf_atomic.c.o
 .debug_frame   0x000007c0       0x6c _build/nrf52840_xxaa/nrf_balloc.c.o
 .debug_frame   0x0000082c       0x5c _build/nrf52840_xxaa/nrf_fprintf.c.o
 .debug_frame   0x00000888       0xa8 _build/nrf52840_xxaa/nrf_fprintf_format.c.o
 .debug_frame   0x00000930       0xe8 _build/nrf52840_xxaa/nrf_memobj.c.o
 .debug_frame   0x00000a18       0x70 _build/nrf52840_xxaa/nrf_pwr_mgmt.c.o
 .debug_frame   0x00000a88       0xe0 _build/nrf52840_xxaa/nrf_ringbuf.c.o
 .debug_frame   0x00000b68       0x30 _build/nrf52840_xxaa/nrf_section_iter.c.o
 .debug_frame   0x00000b98       0x80 _build/nrf52840_xxaa/nrf_drv_uart.c.o
 .debug_frame   0x00000c18       0x3c _build/nrf52840_xxaa/nrf_drv_ppi.c.o
 .debug_frame   0x00000c54      0x168 _build/nrf52840_xxaa/nrfx_ppi.c.o
 .debug_frame   0x00000dbc       0x4c _build/nrf52840_xxaa/nrfx_prs.c.o
 .debug_frame   0x00000e08      0x228 _build/nrf52840_xxaa/nrfx_saadc.c.o
 .debug_frame   0x00001030      0x190 _build/nrf52840_xxaa/nrfx_timer.c.o
 .debug_frame   0x000011c0      0x18c _build/nrf52840_xxaa/nrfx_uart.c.o
 .debug_frame   0x0000134c      0x19c _build/nrf52840_xxaa/nrfx_uarte.c.o
 .debug_frame   0x000014e8       0xc0 _build/nrf52840_xxaa/main.c.o
 .debug_frame   0x000015a8       0x3c _build/nrf52840_xxaa/system_nrf52840.c.o
 .debug_frame   0x000015e4       0x28 c:/work/tools/gnu_arm/bin/../lib/gcc/arm-none-eabi/9.3.1/../../../../arm-none-eabi/lib/thumb/v7e-m+fp/hard\libc_nano.a(lib_a-exit.o)
 .debug_frame   0x0000160c       0x2c c:/work/tools/gnu_arm/bin/../lib/gcc/arm-none-eabi/9.3.1/../../../../arm-none-eabi/lib/thumb/v7e-m+fp/hard\libc_nano.a(lib_a-init.o)
 .debug_frame   0x00001638       0x28 c:/work/tools/gnu_arm/bin/../lib/gcc/arm-none-eabi/9.3.1/../../../../arm-none-eabi/lib/thumb/v7e-m+fp/hard\libc_nano.a(lib_a-memcpy-stub.o)
 .debug_frame   0x00001660       0x20 c:/work/tools/gnu_arm/bin/../lib/gcc/arm-none-eabi/9.3.1/../../../../arm-none-eabi/lib/thumb/v7e-m+fp/hard\libc_nano.a(lib_a-memset.o)
 .debug_frame   0x00001680       0x20 c:/work/tools/gnu_arm/bin/../lib/gcc/arm-none-eabi/9.3.1/../../../../arm-none-eabi/lib/thumb/v7e-m+fp/hard\libnosys.a(_exit.o)
